// Jest Snapshot v1, https://goo.gl/fbAQLP

exports[`LibraryLogin Snapshot Tests LibraryLogin snapshot 1`] = `
<div>
  <main
    class="MuiContainer-root MuiContainer-maxWidthXs"
  >
    <div />
    <div
      class="makeStyles-paper-1"
    >
      <div
        class="MuiAvatar-root MuiAvatar-circle makeStyles-avatar-2 MuiAvatar-colorDefault"
      >
        <svg
          aria-hidden="true"
          class="MuiSvgIcon-root"
          focusable="false"
          role="presentation"
          viewBox="0 0 24 24"
        >
          <path
            d="M18 8h-1V6c0-2.76-2.24-5-5-5S7 3.24 7 6v2H6c-1.1 0-2 .9-2 2v10c0 1.1.9 2 2 2h12c1.1 0 2-.9 2-2V10c0-1.1-.9-2-2-2zM9 6c0-1.66 1.34-3 3-3s3 1.34 3 3v2H9V6zm9 14H6V10h12v10zm-6-3c1.1 0 2-.9 2-2s-.9-2-2-2-2 .9-2 2 .9 2 2 2z"
          />
        </svg>
      </div>
      <h1
        class="MuiTypography-root MuiTypography-h5"
      >
        Library Sign in
      </h1>
      <form
        class="makeStyles-form-3"
      >
        <div
          class="MuiFormControl-root MuiTextField-root MuiFormControl-marginNormal MuiFormControl-fullWidth"
        >
          <label
            class="MuiFormLabel-root MuiInputLabel-root MuiInputLabel-formControl MuiInputLabel-animated MuiInputLabel-shrink MuiInputLabel-outlined Mui-focused Mui-focused Mui-required Mui-required"
            data-shrink="true"
            for="email"
            id="email-label"
          >
            Email Address
            <span
              class="MuiFormLabel-asterisk MuiInputLabel-asterisk"
            >
               
              *
            </span>
          </label>
          <div
            class="MuiInputBase-root MuiOutlinedInput-root MuiInputBase-fullWidth Mui-focused Mui-focused MuiInputBase-formControl"
          >
            <input
              aria-invalid="false"
              autocomplete="email"
              class="MuiInputBase-input MuiOutlinedInput-input"
              id="email"
              name="email"
              required=""
              type="text"
              value=""
            />
            <fieldset
              aria-hidden="true"
              class="PrivateNotchedOutline-root-124 MuiOutlinedInput-notchedOutline"
            >
              <legend
                class="PrivateNotchedOutline-legendLabelled-126 PrivateNotchedOutline-legendNotched-127"
              >
                <span>
                  Email Address
                   *
                </span>
              </legend>
            </fieldset>
          </div>
        </div>
        <div
          class="MuiFormControl-root MuiTextField-root MuiFormControl-marginNormal MuiFormControl-fullWidth"
        >
          <label
            class="MuiFormLabel-root MuiInputLabel-root MuiInputLabel-formControl MuiInputLabel-animated MuiInputLabel-outlined Mui-required Mui-required"
            data-shrink="false"
            for="password"
            id="password-label"
          >
            Password
            <span
              class="MuiFormLabel-asterisk MuiInputLabel-asterisk"
            >
               
              *
            </span>
          </label>
          <div
            class="MuiInputBase-root MuiOutlinedInput-root MuiInputBase-fullWidth MuiInputBase-formControl"
          >
            <input
              aria-invalid="false"
              autocomplete="current-password"
              class="MuiInputBase-input MuiOutlinedInput-input"
              id="password"
              name="password"
              required=""
              type="password"
              value=""
            />
            <fieldset
              aria-hidden="true"
              class="PrivateNotchedOutline-root-124 MuiOutlinedInput-notchedOutline"
            >
              <legend
                class="PrivateNotchedOutline-legendLabelled-126"
              >
                <span>
                  Password
                   *
                </span>
              </legend>
            </fieldset>
          </div>
        </div>
        <button
          class="MuiButtonBase-root MuiButton-root MuiButton-contained makeStyles-submit-4 MuiButton-fullWidth"
          id="submit-button"
          tabindex="0"
          type="submit"
        >
          <span
            class="MuiButton-label"
          >
            Sign In
          </span>
          <span
            class="MuiTouchRipple-root"
          />
        </button>
        <a
          class="MuiTypography-root MuiLink-root MuiLink-underlineHover MuiTypography-body2 MuiTypography-colorPrimary"
          href="/registration"
          id="registration-link"
        >
          Don't have an account? Sign Up
        </a>
      </form>
    </div>
    <div
      class="MuiBox-root MuiBox-root-167"
    >
      <p
        class="MuiTypography-root MuiTypography-body2 MuiTypography-colorTextSecondary MuiTypography-alignCenter"
      >
        Copyright © 
        <a
          class="MuiTypography-root MuiLink-root MuiLink-underlineHover MuiTypography-colorInherit"
          href="https://github.com/skow0020"
        >
          Colin Skow
        </a>
         
        2020
        .
      </p>
    </div>
  </main>
</div>
`;
