// Jest Snapshot v1, https://goo.gl/fbAQLP

exports[`AddBook Snapshot Tests AddBook snapshot 1`] = `
<div
  className="main-content-container px-4 container-fluid"
>
  <div />
  <form
    className=""
    id="add-book-form"
    onSubmit={[Function]}
  >
    <div
      className="page-header py-4 no-gutters row"
    >
      <div
        className="text-sm-left text-center text-md-left mb-sm-0 col-12 col-sm-8"
      >
        <span
          className="text-uppercase page-subtitle"
        />
        <h3
          className="page-title"
        >
          Add a Book
        </h3>
      </div>
      <button
        className="btn btn-success btn-lg btn btn-primary"
        id="submit"
        onClick={[Function]}
        type="submit"
      >
        Submit
      </button>
    </div>
    <label
      className="text-muted font-weight-bold"
      htmlFor="title"
    >
      Book Title
    </label>
    <input
      className="form-control"
      id="title"
      onChange={[Function]}
      required={true}
      type="text"
      value=""
    />
    <div
      className="form-row"
    >
      <div
        className="form-group col-md-4"
      >
        <label
          className="text-muted font-weight-bold"
          htmlFor="author"
        >
          Book Author
        </label>
        <input
          className="form-control"
          id="author"
          onChange={[Function]}
          required={true}
          type="text"
          value=""
        />
      </div>
      <div
        className="MuiFormControl-root makeStyles-formControl-8"
      >
        <label
          className="MuiFormLabel-root MuiInputLabel-root MuiInputLabel-formControl MuiInputLabel-animated"
          data-shrink={false}
          htmlFor="language-selection"
        >
          Languages
        </label>
        <div
          className="MuiInputBase-root MuiInput-root MuiInput-underline MuiInputBase-formControl MuiInput-formControl"
          onClick={[Function]}
        >
          <div
            aria-haspopup="listbox"
            aria-labelledby=" category"
            className="MuiSelect-root MuiSelect-select MuiSelect-selectMenu MuiInputBase-input MuiInput-input MuiInputBase-inputSelect"
            id="category"
            onBlur={[Function]}
            onClick={[Function]}
            onFocus={[Function]}
            onKeyDown={[Function]}
            role="button"
            tabIndex={0}
          >
            <span
              dangerouslySetInnerHTML={
                Object {
                  "__html": "&#8203;",
                }
              }
            />
          </div>
          <input
            onAnimationStart={[Function]}
            type="hidden"
            value=""
          />
          <svg
            aria-hidden="true"
            className="MuiSvgIcon-root MuiSelect-icon"
            focusable="false"
            role="presentation"
            viewBox="0 0 24 24"
          >
            <path
              d="M7 10l5 5 5-5z"
            />
          </svg>
        </div>
      </div>
      <div
        className="MuiFormControl-root makeStyles-formControl-91"
      >
        <label
          className="MuiFormLabel-root MuiInputLabel-root MuiInputLabel-formControl MuiInputLabel-animated MuiInputLabel-shrink MuiFormLabel-filled"
          data-shrink={true}
          htmlFor="category"
        >
          Categories
        </label>
        <div
          className="MuiInputBase-root MuiInput-root MuiInput-underline MuiInputBase-formControl MuiInput-formControl"
          onClick={[Function]}
          required={true}
        >
          <div
            aria-haspopup="listbox"
            aria-labelledby=" language"
            className="MuiSelect-root MuiSelect-select MuiSelect-selectMenu MuiInputBase-input MuiInput-input MuiInputBase-inputSelect"
            id="language"
            onBlur={[Function]}
            onClick={[Function]}
            onFocus={[Function]}
            onKeyDown={[Function]}
            role="button"
            tabIndex={0}
          >
            General
          </div>
          <input
            onAnimationStart={[Function]}
            type="hidden"
            value="General"
          />
          <svg
            aria-hidden="true"
            className="MuiSvgIcon-root MuiSelect-icon"
            focusable="false"
            role="presentation"
            viewBox="0 0 24 24"
          >
            <path
              d="M7 10l5 5 5-5z"
            />
          </svg>
        </div>
      </div>
    </div>
    <label
      className="text-muted font-weight-bold"
      htmlFor="url"
    >
      Book URL
    </label>
    <input
      className="form-control"
      id="url"
      onChange={[Function]}
      required={true}
      type="text"
      value=""
    />
    <label
      className="text-muted font-weight-bold"
      htmlFor="backgroundImage"
    >
      Background Image URL
    </label>
    <input
      className="form-control"
      id="backgroundImage"
      onChange={[Function]}
      required={true}
      type="text"
      value=""
    />
    <label
      className="text-muted font-weight-bold"
      htmlFor="pdf"
    >
      Book PDF URL
    </label>
    <input
      className="form-control"
      id="pdf"
      onChange={[Function]}
      type="text"
      value=""
    />
    <label
      className="text-muted font-weight-bold"
      htmlFor="body"
    >
      Book Description
    </label>
    <textarea
      className="form-control"
      id="body"
      onChange={[Function]}
      style={
        Object {
          "height": "150px",
        }
      }
      type="textarea"
      value=""
    />
  </form>
</div>
`;
