// Jest Snapshot v1, https://goo.gl/fbAQLP

exports[`Loading Snapshot Tests Loading snapshot 1`] = `
<div
  className="MuiGrid-root MuiGrid-container MuiGrid-align-items-xs-center MuiGrid-justify-xs-center"
  style={
    Object {
      "minHeight": "60vh",
    }
  }
>
  <div
    className="makeStyles-root-1"
  >
    <div
      className="MuiCircularProgress-root makeStyles-circular-2 MuiCircularProgress-colorPrimary MuiCircularProgress-indeterminate"
      id="loading"
      role="progressbar"
      style={
        Object {
          "height": 40,
          "width": 40,
        }
      }
    >
      <svg
        className="MuiCircularProgress-svg"
        viewBox="22 22 44 44"
      >
        <circle
          className="MuiCircularProgress-circle MuiCircularProgress-circleIndeterminate"
          cx={44}
          cy={44}
          fill="none"
          r={20.2}
          strokeWidth={3.6}
          style={Object {}}
        />
      </svg>
    </div>
  </div>
</div>
`;
