// Jest Snapshot v1, https://goo.gl/fbAQLP

exports[`Tutorials Snapshot Tests Tutorials list snapshot  1`] = `
<Container
  className="main-content-container px-3"
  fluid={true}
  tag="div"
>
  <Row
    className="form-inline py-2"
    noGutters={true}
    tag="div"
  >
    <PageTitle
      className="text-sm-left"
      sm="8"
      title="Tutorials"
    />
    <Button
      className="btn btn-success btn-lg"
      id="add-tutorial"
      onClick={[Function]}
      tag="button"
      theme="primary"
      type="button"
    >
      Add Tutorial
    </Button>
  </Row>
  <Row
    className="form-inline py-2"
    noGutters={true}
    tag="div"
  >
    <Form
      id="filtering-form"
      tag="form"
    >
      <FormGroup
        tag="div"
      >
        <CategoriesSelection
          onChange={[Function]}
          value="UI Automation"
        />
        <LanguagesSelection
          onChange={[Function]}
          value="Python"
        />
      </FormGroup>
    </Form>
  </Row>
  <Row
    tag="div"
  >
    <Col
      breakpoints={
        Array [
          "xs",
          "sm",
          "md",
          "lg",
          "xl",
        ]
      }
      className="mb-4"
      key="0"
      lg="4"
      md="6"
      sm="12"
      tag="div"
    >
      <Card
        className="card-post card-post--1"
        id="tutorial-card-0"
        small={true}
        tag="div"
      >
        <a
          aria-label="Navigate to the tutorial url"
          href="https://tap-library-dev.herokuapp.com/tap-dashboard"
          rel="noopener noreferrer"
          target="_blank"
        >
          <div
            className="card-post__image"
            style={
              Object {
                "backgroundImage": "url('https://i-cdn.phonearena.com/images/article/104071-two_lead/Just-for-you-Here-are-10-paid-iOS-apps-free-for-a-limited-time.jpg')",
              }
            }
          />
        </a>
        <Badge
          className="card-post__category bg-info"
          outline={false}
          pill={true}
          tag="span"
          theme="primary"
        >
          API Automation
        </Badge>
        <CardBody
          tag="div"
        >
          <h5
            className="card-title"
          >
            <a
              aria-label="Navigate to the tutorial url"
              className="text-fiord-blue"
              href="https://tap-library-dev.herokuapp.com/tap-dashboard"
              rel="noopener noreferrer"
              target="_blank"
            >
              How to sand a hippo
            </a>
          </h5>
          <p
            className="card-text d-inline-block mb-3"
          >
            Est dolor ad. Provident deserunt aliquid sed provident minus fugit.
          </p>
          <span
            className="text-muted"
          />
        </CardBody>
      </Card>
    </Col>
    <Col
      breakpoints={
        Array [
          "xs",
          "sm",
          "md",
          "lg",
          "xl",
        ]
      }
      className="mb-4"
      key="1"
      lg="4"
      md="6"
      sm="12"
      tag="div"
    >
      <Card
        className="card-post card-post--1"
        id="tutorial-card-1"
        small={true}
        tag="div"
      >
        <a
          aria-label="Navigate to the tutorial url"
          href="https://tap-library-dev.herokuapp.com/tap-dashboard"
          rel="noopener noreferrer"
          target="_blank"
        >
          <div
            className="card-post__image"
            style={
              Object {
                "backgroundImage": "url('https://i-cdn.phonearena.com/images/article/104071-two_lead/Just-for-you-Here-are-10-paid-iOS-apps-free-for-a-limited-time.jpg')",
              }
            }
          />
        </a>
        <Badge
          className="card-post__category bg-warning"
          outline={false}
          pill={true}
          tag="span"
          theme="primary"
        >
          UI Automation
        </Badge>
        <CardBody
          tag="div"
        >
          <h5
            className="card-title"
          >
            <a
              aria-label="Navigate to the tutorial url"
              className="text-fiord-blue"
              href="https://tap-library-dev.herokuapp.com/tap-dashboard"
              rel="noopener noreferrer"
              target="_blank"
            >
              How to sand a hippo
            </a>
          </h5>
          <p
            className="card-text d-inline-block mb-3"
          >
            Non mollitia dolores dolorum eos unde. Aut enim dolore nesciunt nemo tenetur et rem.
          </p>
          <span
            className="text-muted"
          />
        </CardBody>
      </Card>
    </Col>
  </Row>
</Container>
`;

exports[`Tutorials Snapshot Tests Tutorials loading snapshot 1`] = `<Loading />`;
